// Jest Snapshot v1, https://goo.gl/fbAQLP

exports[`renders correctly 1`] = `
<View
  style={
    Object {
      "backgroundColor": "#1a1924",
      "flex": 1,
      "padding": 20,
    }
  }
>
  <View
    style={
      Object {
        "backgroundColor": "#fff",
        "borderColor": "#7a42f4",
        "borderWidth": 1,
        "height": 40,
        "margin": 15,
      }
    }
  >
    <TextInput
      allowFontScaling={true}
      onChangeText={[Function]}
      placeholder="User Name"
      placeholderTextColor="#003f5c"
      rejectResponderTermination={true}
      testID="TextInput"
      underlineColorAndroid="transparent"
    />
  </View>
  <View
    accessible={true}
    focusable={true}
    onClick={[Function]}
    onResponderGrant={[Function]}
    onResponderMove={[Function]}
    onResponderRelease={[Function]}
    onResponderTerminate={[Function]}
    onResponderTerminationRequest={[Function]}
    onStartShouldSetResponder={[Function]}
    style={
      Object {
        "backgroundColor": "#34424b",
        "borderRadius": 10,
        "elevation": 8,
        "marginBottom": 20,
        "opacity": 1,
        "paddingHorizontal": 12,
        "paddingVertical": 10,
      }
    }
    testID="loginButton"
  >
    <Text
      style={
        Object {
          "alignSelf": "center",
          "color": "white",
        }
      }
    >
      LOGIN
    </Text>
  </View>
</View>
`;
